Evaluating Model ...
Epoch 1 Step Loss: 1.1742585897445679
Epoch 1 Step Loss: 2.4583346843719482
Epoch 1 Step Loss: 3.167693853378296
Epoch 1 Step Loss: 3.0326850414276123
Epoch 1 Step Loss: 7.596052646636963
Epoch 1 Step Loss: 3.1674625873565674
Epoch 1 Step Loss: 0.9740939140319824
Epoch 1 Step Loss: 2.101818084716797
Epoch 1 Step Loss: 2.4915568828582764
Epoch 1 Step Loss: 5.539850234985352
Epoch 1 Step Loss: 3.2734127044677734
Epoch 1 Step Loss: 1.1615389585494995
Epoch 1 Step Loss: 2.56852388381958
Epoch 1 Step Loss: 2.5938284397125244
Epoch 1 Step Loss: 2.043851375579834
Epoch 1 Step Loss: 1.4266669750213623
Epoch 1 Step Loss: 0.8948943614959717
Epoch 1 Step Loss: 2.650188684463501
Epoch 1 Step Loss: 1.0698623657226562
Epoch 1 Step Loss: 2.4620203971862793
Epoch 1 Step Loss: 2.40667462348938
Epoch 1 Step Loss: 4.573171138763428
Epoch 1 Step Loss: 5.193056583404541
Epoch 1 Step Loss: 2.6232614517211914
Epoch 1 Step Loss: 36.035518646240234
Epoch 1 Step Loss: 1.1830427646636963
Epoch 1 Step Loss: 1.5178114175796509
Epoch 1 Step Loss: 1.4234257936477661
Epoch 1 Step Loss: 3.254833936691284
Epoch 1 Step Loss: 7.204548358917236
Epoch 1 Step Loss: 1.6247984170913696
Epoch 1 Step Loss: 3.0976884365081787
Epoch 1 Step Loss: 1.421875
Epoch 1 Step Loss: 1.4168859720230103
Epoch 1 Step Loss: 3.466172456741333
Epoch 1 Step Loss: 97.1877212524414
Epoch 1 Step Loss: 1.2607715129852295
Epoch 1 Step Loss: 37.83289337158203
Epoch 1 Step Loss: 3.1052870750427246
Epoch 1 Step Loss: 1.9290462732315063
Epoch 1 Step Loss: 4.990417003631592
Epoch 1 Step Loss: 2.130370855331421
Epoch 1 Step Loss: 3.0070698261260986
Epoch 1 Step Loss: 0.9931765794754028
Epoch 1 Step Loss: 1.1345690488815308
Epoch 1 Step Loss: 3.5660648345947266
Epoch 1 Step Loss: 1.1484407186508179
Epoch 1 Step Loss: 36.569252014160156
Epoch 1 Step Loss: 2.9496054649353027
Epoch 1 Step Loss: 4.030789852142334
Epoch 1 Step Loss: 1.6057931184768677
Epoch 1 Step Loss: 2.127281904220581
Epoch 1 Step Loss: 3.33345627784729
Epoch 1 Step Loss: 1.5111140012741089
Epoch 1 Step Loss: 1.0586503744125366
Epoch 1 Step Loss: 2.5172390937805176
Epoch 1 Step Loss: 1.200681209564209
Epoch 1 Step Loss: 13.860032081604004
Epoch 1 Step Loss: 1.0974681377410889
Epoch 1 Step Loss: 7.743896007537842
Epoch 1 Step Loss: 2.7214207649230957
Epoch 1 Step Loss: 1.5701403617858887
Epoch 1 Step Loss: 1.5909744501113892
Epoch 1 Step Loss: 1.082253336906433
Epoch 1 Step Loss: 20.91170310974121
Epoch 1 Step Loss: 15.589715957641602
Epoch 1 Step Loss: 0.859957218170166
Epoch 1 Step Loss: 8.202884674072266
Epoch 1 Step Loss: 10.20910930633545
Epoch 1 Step Loss: 6.107635498046875
Epoch 1 Step Loss: 2.399815559387207
Epoch 1 Step Loss: 4.966457843780518
Epoch 1 Step Loss: 0.9320006966590881
Epoch 1 Step Loss: 1.0966637134552002
Epoch 1 Step Loss: 1.4689950942993164
Epoch 1 Step Loss: 0.8642610907554626
Epoch 1 Total Loss on 3778 images: 446.75643622875214
Epoch 1 Saving Model ...
Evaluating Model ...
Epoch 2 Step Loss: 7.3386430740356445
Epoch 2 Step Loss: 9.942401885986328
Epoch 2 Step Loss: 5.3988728523254395
Epoch 2 Step Loss: 8.743120193481445
Epoch 2 Step Loss: 13.528862953186035
Epoch 2 Step Loss: 7.609495639801025
Epoch 2 Step Loss: 6.60807991027832
Epoch 2 Step Loss: 8.568814277648926
Epoch 2 Step Loss: 5.33080530166626
Epoch 2 Step Loss: 10.475266456604004
Epoch 2 Step Loss: 10.865158081054688
Epoch 2 Step Loss: 6.06373405456543
Epoch 2 Step Loss: 7.38063383102417
Epoch 2 Step Loss: 7.2094407081604
Epoch 2 Step Loss: 7.96358060836792
Epoch 2 Step Loss: 4.7529449462890625
Epoch 2 Step Loss: 7.749865531921387
Epoch 2 Step Loss: 8.430425643920898
Epoch 2 Step Loss: 6.2188286781311035
Epoch 2 Step Loss: 10.240962982177734
Epoch 2 Step Loss: 9.730234146118164
Epoch 2 Step Loss: 13.227910041809082
Epoch 2 Step Loss: 11.286666870117188
Epoch 2 Step Loss: 7.96178674697876
Epoch 2 Step Loss: 46.91202926635742
Epoch 2 Step Loss: 12.331068992614746
Epoch 2 Step Loss: 9.27531623840332
Epoch 2 Step Loss: 8.411152839660645
Epoch 2 Step Loss: 7.7208380699157715
Epoch 2 Step Loss: 13.51017951965332
Epoch 2 Step Loss: 7.721532344818115
Epoch 2 Step Loss: 7.319201946258545
Epoch 2 Step Loss: 6.838516712188721
Epoch 2 Step Loss: 6.2758989334106445
Epoch 2 Step Loss: 8.537215232849121
Epoch 2 Step Loss: 93.37493133544922
Epoch 2 Step Loss: 10.730315208435059
Epoch 2 Step Loss: 34.33050537109375
Epoch 2 Step Loss: 10.97856330871582
Epoch 2 Step Loss: 6.022974967956543
Epoch 2 Step Loss: 8.244680404663086
Epoch 2 Step Loss: 9.142068862915039
Epoch 2 Step Loss: 8.37967300415039
Epoch 2 Step Loss: 6.212565898895264
Epoch 2 Step Loss: 8.908729553222656
Epoch 2 Step Loss: 6.185891151428223
Epoch 2 Step Loss: 6.08016300201416
Epoch 2 Step Loss: 41.41877365112305
Epoch 2 Step Loss: 7.567653179168701
Epoch 2 Step Loss: 11.144964218139648
Epoch 2 Step Loss: 9.026653289794922
Epoch 2 Step Loss: 8.544877052307129
Epoch 2 Step Loss: 7.710737705230713
Epoch 2 Step Loss: 5.076539516448975
Epoch 2 Step Loss: 6.364704608917236
Epoch 2 Step Loss: 6.464747428894043
Epoch 2 Step Loss: 13.320305824279785
Epoch 2 Step Loss: 11.52922248840332
Epoch 2 Step Loss: 5.211690902709961
Epoch 2 Step Loss: 10.130305290222168
Epoch 2 Step Loss: 8.194547653198242
Epoch 2 Step Loss: 9.859209060668945
Epoch 2 Step Loss: 6.017323970794678
Epoch 2 Step Loss: 3.257706880569458
Epoch 2 Step Loss: 24.165576934814453
Epoch 2 Step Loss: 21.759042739868164
Epoch 2 Step Loss: 6.675395965576172
Epoch 2 Step Loss: 9.13288402557373
Epoch 2 Step Loss: 18.688467025756836
Epoch 2 Step Loss: 11.007184982299805
Epoch 2 Step Loss: 8.707464218139648
Epoch 2 Step Loss: 12.003803253173828
Epoch 2 Step Loss: 7.4586639404296875
Epoch 2 Step Loss: 7.011501789093018
Epoch 2 Step Loss: 6.964282989501953
Epoch 2 Step Loss: 5.489729881286621
Epoch 2 Total Loss on 3778 images: 855.9745080471039
Epoch 2 Saving Model ...
